// Jest Snapshot v1, https://goo.gl/fbAQLP

exports[`기존이랑 바뀐게 없는지 비교해보자!! - 스냅샷 테스트 1`] = `
<div>
  <div>
    철수는 14살 입니다.
  </div>
  취미 : 
  <input
    type="test"
  />
  <button>
    철수랑 놀러가기
  </button>
</div>
`;
